{
  "equivalent": true,
  "score": 100,
  "details": {
    "renderMatch": true,
    "propsMatch": true,
    "behaviorMatch": true,
    "stateMatch": true,
    "performanceMatch": true,
    "businessLogicMatch": true
  },
  "differences": [],
  "report": "# Component Equivalency Report\n\n**Overall Score:** 100/100\n**Status:** âœ… PASS\n\nNo differences found. Components are fully equivalent."
}